[INFO] Scanning for projects...
[INFO] 
[INFO] --------------------< com.sajid:springbootlearning >--------------------
[INFO] Building springbootlearning 1.0
[INFO]   from pom.xml
[INFO] --------------------------------[ jar ]---------------------------------
[INFO] 
[INFO] --- clean:3.3.2:clean (default-clean) @ springbootlearning ---
[INFO] Deleting C:\Users\Sajidh\IdeaProjects\SpringBootLearning\target
[INFO] 
[INFO] --- resources:3.3.1:resources (default-resources) @ springbootlearning ---
[INFO] Copying 1 resource from src\main\resources to target\classes
[INFO] Copying 0 resource from src\main\resources to target\classes
[INFO] 
[INFO] --- compiler:3.13.0:compile (default-compile) @ springbootlearning ---
[INFO] Recompiling the module because of changed source code.
[INFO] Compiling 41 source files with javac [debug parameters release 17] to target\classes
[INFO] ------------------------------------------------------------------------
[INFO] BUILD SUCCESS
[INFO] ------------------------------------------------------------------------
[INFO] Total time:  4.249 s
[INFO] Finished at: 2026-06-29T15:39:13+05:30
[INFO] ------------------------------------------------------------------------
